// Jest Snapshot v1, https://goo.gl/fbAQLP

exports[`<PaymentOptions /> should render the saved card options and the add new card button 1`] = `
.c9 {
  display: inline-block;
  vertical-align: middle;
  overflow: hidden;
}

.c12 {
  background: linear-gradient(180deg,#ff5f5f 0%,#f052c0 50%);
  color: #FAFAFA;
  border: none;
  cursor: pointer;
  border-radius: 0.4rem;
  padding: 0.8rem;
  -webkit-text-decoration: none;
  text-decoration: none;
  display: -webkit-inline-box;
  display: -webkit-inline-flex;
  display: -ms-inline-flexbox;
  display: inline-flex;
  -webkit-align-items: center;
  -webkit-box-align: center;
  -ms-flex-align: center;
  align-items: center;
  -webkit-box-pack: center;
  -webkit-justify-content: center;
  -ms-flex-pack: center;
  justify-content: center;
  height: 4rem;
  font-size: 1.4rem;
  padding: 0.8rem 3.2rem;
  width: 100%;
  background: none;
  color: #F231A5;
}

.c12:hover {
  background: none;
}

.c12:hover {
  color: #e20e8d;
}

.c13 {
  background: linear-gradient(180deg,#ff5f5f 0%,#f052c0 50%);
  color: #FAFAFA;
  border: none;
  cursor: pointer;
  border-radius: 0.4rem;
  padding: 0.8rem;
  -webkit-text-decoration: none;
  text-decoration: none;
  display: -webkit-inline-box;
  display: -webkit-inline-flex;
  display: -ms-inline-flexbox;
  display: inline-flex;
  -webkit-align-items: center;
  -webkit-box-align: center;
  -ms-flex-align: center;
  align-items: center;
  -webkit-box-pack: center;
  -webkit-justify-content: center;
  -ms-flex-pack: center;
  justify-content: center;
  height: 4rem;
  font-size: 1.4rem;
  padding: 0.8rem 3.2rem;
  width: 100%;
}

.c13:hover {
  background: linear-gradient(180deg,#e35565 0%,#d958a6 50%);
}

.c13 svg {
  width: 1.5rem;
}

.c13 svg + span {
  margin-left: 0.8rem;
}

.c13:disabled {
  cursor: not-allowed;
  -webkit-filter: saturate(30%);
  filter: saturate(30%);
}

.c2 {
  color: #030517;
  position: relative;
  margin-bottom: 3.2rem;
  font-size: 1.6rem;
}

.c2::after {
  position: absolute;
  left: 0;
  bottom: -1rem;
  content: '';
  width: 5rem;
  border-bottom: 0.5rem solid #F231A5;
}

.c2::after {
  width: 3rem;
}

.c6 {
  display: -webkit-box;
  display: -webkit-flex;
  display: -ms-flexbox;
  display: flex;
  -webkit-align-items: center;
  -webkit-box-align: center;
  -ms-flex-align: center;
  align-items: center;
}

.c7 {
  display: -webkit-box;
  display: -webkit-flex;
  display: -ms-flexbox;
  display: flex;
  -webkit-align-items: center;
  -webkit-box-align: center;
  -ms-flex-align: center;
  align-items: center;
  -webkit-box-pack: center;
  -webkit-justify-content: center;
  -ms-flex-pack: center;
  justify-content: center;
  -webkit-appearance: none;
  -moz-appearance: none;
  appearance: none;
  width: 1.8rem;
  height: 1.8rem;
  border: 0.2rem solid #F231A5;
  border-radius: 50%;
  background: transparent;
  -webkit-transition: background 0.1s ease-in-out;
  transition: background 0.1s ease-in-out;
  outline: none;
  cursor: pointer;
}

.c7:focus {
  box-shadow: 0 0 0.5rem #F231A5;
}

.c7:before {
  content: '';
  width: 0.8rem;
  height: 0.8rem;
  border-radius: 50%;
  background: #F231A5;
  -webkit-transition: opacity 0.1s ease-in-out;
  transition: opacity 0.1s ease-in-out;
  opacity: 0;
  position: absolute;
}

.c7:checked:before {
  opacity: 1;
}

.c0 {
  background: #FAFAFA;
}

.c1 {
  padding: 2.4rem;
}

.c10 {
  background: #eee;
  color: #030517;
  font-weight: 600;
  padding: 2.4rem;
  display: -webkit-box;
  display: -webkit-flex;
  display: -ms-flexbox;
  display: flex;
  -webkit-align-items: center;
  -webkit-box-align: center;
  -ms-flex-align: center;
  align-items: center;
}

.c10 .c11 {
  padding-left: 0.8rem;
  padding-right: 0.8rem;
  outline: 0;
}

.c3 {
  display: -webkit-box;
  display: -webkit-flex;
  display: -ms-flexbox;
  display: flex;
  -webkit-flex-direction: column;
  -ms-flex-direction: column;
  flex-direction: column;
}

.c5 {
  display: -webkit-box;
  display: -webkit-flex;
  display: -ms-flexbox;
  display: flex;
  -webkit-align-items: center;
  -webkit-box-align: center;
  -ms-flex-align: center;
  align-items: center;
}

.c5 img {
  margin-right: 0.8rem;
}

.c4 {
  background: #EAEAEA;
  border-radius: 0.2rem;
  color: #030517;
  padding: 0 0.8rem;
  height: 5rem;
  cursor: pointer;
  display: -webkit-box;
  display: -webkit-flex;
  display: -ms-flexbox;
  display: flex;
  -webkit-align-items: center;
  -webkit-box-align: center;
  -ms-flex-align: center;
  align-items: center;
  -webkit-box-pack: justify;
  -webkit-justify-content: space-between;
  -ms-flex-pack: justify;
  justify-content: space-between;
}

.c4:not(:last-child) {
  margin-bottom: 0.8rem;
}

.c8 {
  background: #EAEAEA;
  border-radius: 0.2rem;
  color: #030517;
  padding: 0 0.8rem;
  height: 5rem;
  cursor: pointer;
  display: -webkit-box;
  display: -webkit-flex;
  display: -ms-flexbox;
  display: flex;
  -webkit-align-items: center;
  -webkit-box-align: center;
  -ms-flex-align: center;
  align-items: center;
}

.c8 svg {
  margin-left: 0.8rem;
  margin-right: 1.6rem;
  width: 2.4rem;
}

<div
  class="c0"
>
  <div
    class="c1"
  >
    <h2
      class="c2"
      color="black"
    >
      Payment
    </h2>
    <div
      class="c3"
    >
      <label
        class="c4"
      >
        <div
          class="c5"
        >
          <img
            alt="visa"
            src="/img/visa.png"
          />
          *** *** **** 4325
        </div>
        <div
          class="c6"
        >
          <input
            class="c7"
            id="*** *** **** 4325"
            name="credit-card"
            type="radio"
            value="*** *** **** 4325"
          />
        </div>
      </label>
      <label
        class="c4"
      >
        <div
          class="c5"
        >
          <img
            alt="mastercard"
            src="/img/master-card.png"
          />
          *** *** **** 4326
        </div>
        <div
          class="c6"
        >
          <input
            class="c7"
            id="*** *** **** 4326"
            name="credit-card"
            type="radio"
            value="*** *** **** 4326"
          />
        </div>
      </label>
      <div
        class="c8"
        role="button"
      >
        <svg
          aria-hidden="true"
          class="c9"
          fill="currentColor"
          focusable="false"
          height="14"
          viewBox="0 0 24 24"
          width="14"
          xmlns="http://www.w3.org/2000/svg"
        >
          <path
            d="M0 0h24v24H0V0z"
            fill="none"
          />
          <path
            d="M19 13h-6v6h-2v-6H5v-2h6V5h2v6h6v2z"
          />
        </svg>
         Add a new credit card
      </div>
    </div>
  </div>
  <div
    class="c10"
  >
    <a
      class="c11 c12"
    >
      <span>
        Continue shopping
      </span>
    </a>
    <button
      class="c11 c13"
      disabled=""
    >
      <svg
        aria-hidden="true"
        class="c9"
        fill="currentColor"
        focusable="false"
        viewBox="0 0 24 24"
        xmlns="http://www.w3.org/2000/svg"
      >
        <path
          d="M0 0h24v24H0V0z"
          fill="none"
        />
        <path
          d="M15.55 13c.75 0 1.41-.41 1.75-1.03l3.58-6.49A.996.996 0 0020.01 4H5.21l-.94-2H1v2h2l3.6 7.59-1.35 2.44C4.52 15.37 5.48 17 7 17h12v-2H7l1.1-2h7.45zM6.16 6h12.15l-2.76 5H8.53L6.16 6zM7 18c-1.1 0-1.99.9-1.99 2S5.9 22 7 22s2-.9 2-2-.9-2-2-2zm10 0c-1.1 0-1.99.9-1.99 2s.89 2 1.99 2 2-.9 2-2-.9-2-2-2z"
        />
      </svg>
      <span>
        Buy now
      </span>
    </button>
  </div>
</div>
`;
