// Jest Snapshot v1, https://goo.gl/fbAQLP

exports[`<ExploreSidebar /> should render headings 1`] = `
.c4 {
  display: inline-block;
  vertical-align: middle;
  overflow: hidden;
}

.c17 {
  background: linear-gradient(180deg,#ff5f5f 0%,#f052c0 50%);
  color: #FAFAFA;
  border: none;
  cursor: pointer;
  border-radius: 0.4rem;
  padding: 0.8rem;
  -webkit-text-decoration: none;
  text-decoration: none;
  display: -webkit-inline-box;
  display: -webkit-inline-flex;
  display: -ms-inline-flexbox;
  display: inline-flex;
  -webkit-align-items: center;
  -webkit-box-align: center;
  -ms-flex-align: center;
  align-items: center;
  -webkit-box-pack: center;
  -webkit-justify-content: center;
  -ms-flex-pack: center;
  justify-content: center;
  height: 4rem;
  font-size: 1.4rem;
  padding: 0.8rem 3.2rem;
  width: 100%;
}

.c17:hover {
  background: linear-gradient(180deg,#e35565 0%,#d958a6 50%);
}

.c9 {
  display: -webkit-box;
  display: -webkit-flex;
  display: -ms-flexbox;
  display: flex;
  -webkit-align-items: center;
  -webkit-box-align: center;
  -ms-flex-align: center;
  align-items: center;
}

.c10 {
  cursor: pointer;
  display: -webkit-box;
  display: -webkit-flex;
  display: -ms-flexbox;
  display: flex;
  -webkit-align-items: center;
  -webkit-box-align: center;
  -ms-flex-align: center;
  align-items: center;
  -webkit-box-pack: center;
  -webkit-justify-content: center;
  -ms-flex-pack: center;
  justify-content: center;
  -webkit-appearance: none;
  -moz-appearance: none;
  appearance: none;
  width: 1.8rem;
  height: 1.8rem;
  border: 0.2rem solid #2E2F42;
  border-radius: 0.2rem;
  -webkit-transition: background border 0.1s ease-in-out;
  transition: background border 0.1s ease-in-out;
  position: relative;
  outline: none;
}

.c10:before {
  content: '';
  width: 0.6rem;
  height: 0.9rem;
  border: 0.2rem solid #FAFAFA;
  border-top: 0;
  border-left: 0;
  -webkit-transform: rotate(45deg);
  -ms-transform: rotate(45deg);
  transform: rotate(45deg);
  position: absolute;
  top: 0.1rem;
  opacity: 0;
  -webkit-transition: 0.1s ease-in-out;
  transition: 0.1s ease-in-out;
}

.c10:focus {
  box-shadow: 0 0 0.5rem #F231A5;
}

.c10:checked {
  border-color: #F231A5;
  background: #F231A5;
}

.c10:checked:before {
  opacity: 1;
}

.c11 {
  cursor: pointer;
  padding-left: 0.8rem;
  color: #FAFAFA;
  line-height: 1.8rem;
}

.c8 {
  color: #FAFAFA;
  position: relative;
  margin-bottom: 3.2rem;
  font-size: 1.6rem;
}

.c8::after {
  position: absolute;
  left: 0;
  bottom: -1rem;
  content: '';
  width: 5rem;
  border-bottom: 0.5rem solid #3CD3C1;
}

.c8::after {
  width: 3rem;
}

.c12 {
  display: -webkit-box;
  display: -webkit-flex;
  display: -ms-flexbox;
  display: flex;
  -webkit-align-items: center;
  -webkit-box-align: center;
  -ms-flex-align: center;
  align-items: center;
}

.c13 {
  display: -webkit-box;
  display: -webkit-flex;
  display: -ms-flexbox;
  display: flex;
  -webkit-align-items: center;
  -webkit-box-align: center;
  -ms-flex-align: center;
  align-items: center;
  -webkit-box-pack: center;
  -webkit-justify-content: center;
  -ms-flex-pack: center;
  justify-content: center;
  -webkit-appearance: none;
  -moz-appearance: none;
  appearance: none;
  width: 1.8rem;
  height: 1.8rem;
  border: 0.2rem solid #F231A5;
  border-radius: 50%;
  background: transparent;
  -webkit-transition: background 0.1s ease-in-out;
  transition: background 0.1s ease-in-out;
  outline: none;
  cursor: pointer;
}

.c13:focus {
  box-shadow: 0 0 0.5rem #F231A5;
}

.c13:before {
  content: '';
  width: 0.8rem;
  height: 0.8rem;
  border-radius: 50%;
  background: #F231A5;
  -webkit-transition: opacity 0.1s ease-in-out;
  transition: opacity 0.1s ease-in-out;
  opacity: 0;
  position: absolute;
}

.c13:checked:before {
  opacity: 1;
}

.c14 {
  padding-left: 0.8rem;
  color: #FAFAFA;
  line-height: 1;
  cursor: pointer;
}

.c3 {
  cursor: pointer;
  width: 2.4rem;
  height: 2.4rem;
}

.c6 {
  -webkit-flex: 1;
  -ms-flex: 1;
  flex: 1;
  overflow-y: auto;
  padding: 0 2.4rem;
  margin-top: 5.6rem;
  margin-bottom: 2rem;
  -webkit-transition: -webkit-transform 0.3s ease-in-out;
  -webkit-transition: transform 0.3s ease-in-out;
  transition: transform 0.3s ease-in-out;
}

.c1 {
  -webkit-transition: opacity 0.3s ease-in-out;
  transition: opacity 0.3s ease-in-out;
  opacity: 0;
  position: absolute;
}

.c7 > div:not(:last-of-type) {
  margin-bottom: 1.6rem;
}

.c7 + div {
  border-top: 0.1rem solid rgba(143,143,143,0.2);
  margin-top: 2.4rem;
  padding-top: 1.6rem;
}

.c16 {
  box-shadow: 0 -0.2rem 0.4rem rgba(3,5,23,0.2);
  padding: 2.4rem;
}

@media (min-width:768px) {
  .c3 {
    display: none;
  }
}

@media (min-width:768px) {
  .c6 {
    overflow-y: initial;
    padding: 0;
    margin-top: 0;
    margin-bottom: 0;
  }
}

@media (max-width:768px) {
  .c0 .c2 {
    color: #FAFAFA;
  }

  .c0 .c2 > svg:last-child {
    display: none;
  }

  .c0 .c5 {
    -webkit-transform: translateY(3rem);
    -ms-transform: translateY(3rem);
    transform: translateY(3rem);
    height: 0;
  }

  .c0 .c5,
  .c0 .c15 {
    visibility: hidden;
    position: absolute;
    left: 0;
  }
}

<div
  class="c0"
>
  <div
    aria-hidden="false"
    class="c1"
  />
  <div
    class="c2 c3"
  >
    <svg
      aria-hidden="true"
      aria-label="open filters"
      class="c4"
      fill="currentColor"
      focusable="false"
      viewBox="0 0 24 24"
      xmlns="http://www.w3.org/2000/svg"
    >
      <path
        d="M0 0h24v24H0V0z"
        fill="none"
      />
      <path
        d="M10 18h4v-2h-4v2zM3 6v2h18V6H3zm3 7h12v-2H6v2z"
      />
    </svg>
    <svg
      aria-hidden="true"
      aria-label="close filters"
      class="c4"
      fill="currentColor"
      focusable="false"
      viewBox="0 0 24 24"
      xmlns="http://www.w3.org/2000/svg"
    >
      <path
        d="M0 0h24v24H0V0z"
        fill="none"
      />
      <path
        d="M19 6.41L17.59 5 12 10.59 6.41 5 5 6.41 10.59 12 5 17.59 6.41 19 12 13.41 17.59 19 19 17.59 13.41 12 19 6.41z"
      />
    </svg>
  </div>
  <div
    class="c5 c6"
  >
    <div
      class="c7"
    >
      <h2
        class="c8"
        color="white"
      >
        Price
      </h2>
      <div
        class="c9"
      >
        <input
          class="c10"
          id="under-50"
          name="under-50"
          type="checkbox"
          value=""
        />
        <label
          class="c11"
          for="under-50"
        >
          Under $50
        </label>
      </div>
      <div
        class="c9"
      >
        <input
          class="c10"
          id="under-100"
          name="under-100"
          type="checkbox"
          value=""
        />
        <label
          class="c11"
          for="under-100"
        >
          Under $100
        </label>
      </div>
      <div
        class="c9"
      >
        <input
          class="c10"
          id="under-150"
          name="under-150"
          type="checkbox"
          value=""
        />
        <label
          class="c11"
          for="under-150"
        >
          Under $150
        </label>
      </div>
      <div
        class="c9"
      >
        <input
          class="c10"
          id="under-200"
          name="under-200"
          type="checkbox"
          value=""
        />
        <label
          class="c11"
          for="under-200"
        >
          Under $200
        </label>
      </div>
      <div
        class="c9"
      >
        <input
          class="c10"
          id="free"
          name="free"
          type="checkbox"
          value=""
        />
        <label
          class="c11"
          for="free"
        >
          Free
        </label>
      </div>
      <div
        class="c9"
      >
        <input
          class="c10"
          id="discounted"
          name="discounted"
          type="checkbox"
          value=""
        />
        <label
          class="c11"
          for="discounted"
        >
          Discounted
        </label>
      </div>
    </div>
    <div
      class="c7"
    >
      <h2
        class="c8"
        color="white"
      >
        Sort by
      </h2>
      <div
        class="c12"
      >
        <input
          class="c13"
          id="high-to-low"
          name="sort_by"
          type="radio"
          value="high-to-low"
        />
        <label
          class="c14"
          for="high-to-low"
        >
          High to low
        </label>
      </div>
      <div
        class="c12"
      >
        <input
          class="c13"
          id="low-to-high"
          name="sort_by"
          type="radio"
          value="low-to-high"
        />
        <label
          class="c14"
          for="low-to-high"
        >
          Low to high
        </label>
      </div>
    </div>
    <div
      class="c7"
    >
      <h2
        class="c8"
        color="white"
      >
        System
      </h2>
      <div
        class="c9"
      >
        <input
          class="c10"
          id="windows"
          name="windows"
          type="checkbox"
          value=""
        />
        <label
          class="c11"
          for="windows"
        >
          Windows
        </label>
      </div>
      <div
        class="c9"
      >
        <input
          class="c10"
          id="linux"
          name="linux"
          type="checkbox"
          value=""
        />
        <label
          class="c11"
          for="linux"
        >
          Linux
        </label>
      </div>
      <div
        class="c9"
      >
        <input
          class="c10"
          id="macos"
          name="macos"
          type="checkbox"
          value=""
        />
        <label
          class="c11"
          for="macos"
        >
          MacOS
        </label>
      </div>
    </div>
    <div
      class="c7"
    >
      <h2
        class="c8"
        color="white"
      >
        Genre
      </h2>
      <div
        class="c9"
      >
        <input
          class="c10"
          id="action"
          name="action"
          type="checkbox"
          value=""
        />
        <label
          class="c11"
          for="action"
        >
          Action
        </label>
      </div>
      <div
        class="c9"
      >
        <input
          class="c10"
          id="adventure"
          name="adventure"
          type="checkbox"
          value=""
        />
        <label
          class="c11"
          for="adventure"
        >
          Adventure
        </label>
      </div>
      <div
        class="c9"
      >
        <input
          class="c10"
          id="fps"
          name="fps"
          type="checkbox"
          value=""
        />
        <label
          class="c11"
          for="fps"
        >
          FPS
        </label>
      </div>
      <div
        class="c9"
      >
        <input
          class="c10"
          id="mmorpg"
          name="mmorpg"
          type="checkbox"
          value=""
        />
        <label
          class="c11"
          for="mmorpg"
        >
          MMORPG
        </label>
      </div>
      <div
        class="c9"
      >
        <input
          class="c10"
          id="rpg"
          name="rpg"
          type="checkbox"
          value=""
        />
        <label
          class="c11"
          for="rpg"
        >
          RPG
        </label>
      </div>
      <div
        class="c9"
      >
        <input
          class="c10"
          id="indie"
          name="indie"
          type="checkbox"
          value=""
        />
        <label
          class="c11"
          for="indie"
        >
          Indie
        </label>
      </div>
      <div
        class="c9"
      >
        <input
          class="c10"
          id="shooters"
          name="shooters"
          type="checkbox"
          value=""
        />
        <label
          class="c11"
          for="shooters"
        >
          Shooters
        </label>
      </div>
      <div
        class="c9"
      >
        <input
          class="c10"
          id="simulation"
          name="simulation"
          type="checkbox"
          value=""
        />
        <label
          class="c11"
          for="simulation"
        >
          Simulation
        </label>
      </div>
    </div>
  </div>
  <div
    class="c15 c16"
  >
    <button
      class="c17"
    >
      <span>
        Filter
      </span>
    </button>
  </div>
</div>
`;
