// Jest Snapshot v1, https://goo.gl/fbAQLP

exports[`<CartIcon /> should render without badge 1`] = `
.c1 {
  display: inline-block;
  vertical-align: middle;
  overflow: hidden;
}

.c0 {
  width: 2.4rem;
  height: 2.4rem;
  color: #FAFAFA;
  position: relative;
}

<div
  class="c0"
>
  <svg
    aria-hidden="true"
    aria-label="Shopping Cart"
    class="c1"
    fill="currentColor"
    focusable="false"
    viewBox="0 0 24 24"
    xmlns="http://www.w3.org/2000/svg"
  >
    <path
      d="M0 0h24v24H0V0z"
      fill="none"
    />
    <path
      d="M15.55 13c.75 0 1.41-.41 1.75-1.03l3.58-6.49A.996.996 0 0020.01 4H5.21l-.94-2H1v2h2l3.6 7.59-1.35 2.44C4.52 15.37 5.48 17 7 17h12v-2H7l1.1-2h7.45zM6.16 6h12.15l-2.76 5H8.53L6.16 6zM7 18c-1.1 0-1.99.9-1.99 2S5.9 22 7 22s2-.9 2-2-.9-2-2-2zm10 0c-1.1 0-1.99.9-1.99 2s.89 2 1.99 2 2-.9 2-2-.9-2-2-2z"
    />
  </svg>
</div>
`;
